Archive member included to satisfy reference by file (symbol)

c:/st/stm32cubeide_1.0.0/stm32cubeide/plugins/com.st.stm32cube.ide.mcu.externaltools.gnu-tools-for-stm32.7-2018-q2-update.win32_1.0.0.201904181610/tools/bin/../lib/gcc/arm-none-eabi/7.3.1/../../../../arm-none-eabi/lib/thumb/v7-m\libc_nano.a(lib_a-errno.o)
                              Src/syscalls.o (__errno)
c:/st/stm32cubeide_1.0.0/stm32cubeide/plugins/com.st.stm32cube.ide.mcu.externaltools.gnu-tools-for-stm32.7-2018-q2-update.win32_1.0.0.201904181610/tools/bin/../lib/gcc/arm-none-eabi/7.3.1/../../../../arm-none-eabi/lib/thumb/v7-m\libc_nano.a(lib_a-exit.o)
                              c:/st/stm32cubeide_1.0.0/stm32cubeide/plugins/com.st.stm32cube.ide.mcu.externaltools.gnu-tools-for-stm32.7-2018-q2-update.win32_1.0.0.201904181610/tools/bin/../lib/gcc/arm-none-eabi/7.3.1/../../../../arm-none-eabi/lib/thumb/v7-m/crt0.o (exit)
c:/st/stm32cubeide_1.0.0/stm32cubeide/plugins/com.st.stm32cube.ide.mcu.externaltools.gnu-tools-for-stm32.7-2018-q2-update.win32_1.0.0.201904181610/tools/bin/../lib/gcc/arm-none-eabi/7.3.1/../../../../arm-none-eabi/lib/thumb/v7-m\libc_nano.a(lib_a-impure.o)
                              c:/st/stm32cubeide_1.0.0/stm32cubeide/plugins/com.st.stm32cube.ide.mcu.externaltools.gnu-tools-for-stm32.7-2018-q2-update.win32_1.0.0.201904181610/tools/bin/../lib/gcc/arm-none-eabi/7.3.1/../../../../arm-none-eabi/lib/thumb/v7-m\libc_nano.a(lib_a-exit.o) (_global_impure_ptr)
c:/st/stm32cubeide_1.0.0/stm32cubeide/plugins/com.st.stm32cube.ide.mcu.externaltools.gnu-tools-for-stm32.7-2018-q2-update.win32_1.0.0.201904181610/tools/bin/../lib/gcc/arm-none-eabi/7.3.1/../../../../arm-none-eabi/lib/thumb/v7-m\libc_nano.a(lib_a-init.o)
                              c:/st/stm32cubeide_1.0.0/stm32cubeide/plugins/com.st.stm32cube.ide.mcu.externaltools.gnu-tools-for-stm32.7-2018-q2-update.win32_1.0.0.201904181610/tools/bin/../lib/gcc/arm-none-eabi/7.3.1/../../../../arm-none-eabi/lib/thumb/v7-m/crt0.o (__libc_init_array)
c:/st/stm32cubeide_1.0.0/stm32cubeide/plugins/com.st.stm32cube.ide.mcu.externaltools.gnu-tools-for-stm32.7-2018-q2-update.win32_1.0.0.201904181610/tools/bin/../lib/gcc/arm-none-eabi/7.3.1/../../../../arm-none-eabi/lib/thumb/v7-m\libc_nano.a(lib_a-memset.o)
                              c:/st/stm32cubeide_1.0.0/stm32cubeide/plugins/com.st.stm32cube.ide.mcu.externaltools.gnu-tools-for-stm32.7-2018-q2-update.win32_1.0.0.201904181610/tools/bin/../lib/gcc/arm-none-eabi/7.3.1/../../../../arm-none-eabi/lib/thumb/v7-m/crt0.o (memset)

Allocating common symbols
Common symbol       size              file

hUsbDeviceFS        0x2c4             Src/usb_device.o
uwTick              0x4               Drivers/STM32F1xx_HAL_Driver/Src/stm32f1xx_hal.o
pFlash              0x20              Drivers/STM32F1xx_HAL_Driver/Src/stm32f1xx_hal_flash.o
mainLcdCtrl         0x4               Src/main.o
btCtrl              0x1               Src/main.o
htim1               0x40              Src/main.o
hspi1               0x58              Src/main.o
huart2              0x40              Src/main.o
hpcd_USB_FS         0x26c             Src/usbd_conf.o
entCtrl             0x0               Src/main.o
USBD_StrDesc        0x200             Src/usbd_desc.o
playerLedsCtrl      0x8               Src/main.o

Discarded input sections

 .text          0x0000000000000000        0x0 c:/st/stm32cubeide_1.0.0/stm32cubeide/plugins/com.st.stm32cube.ide.mcu.externaltools.gnu-tools-for-stm32.7-2018-q2-update.win32_1.0.0.201904181610/tools/bin/../lib/gcc/arm-none-eabi/7.3.1/thumb/v7-m/crti.o
 .data          0x0000000000000000        0x0 c:/st/stm32cubeide_1.0.0/stm32cubeide/plugins/com.st.stm32cube.ide.mcu.externaltools.gnu-tools-for-stm32.7-2018-q2-update.win32_1.0.0.201904181610/tools/bin/../lib/gcc/arm-none-eabi/7.3.1/thumb/v7-m/crti.o
 .bss           0x0000000000000000        0x0 c:/st/stm32cubeide_1.0.0/stm32cubeide/plugins/com.st.stm32cube.ide.mcu.externaltools.gnu-tools-for-stm32.7-2018-q2-update.win32_1.0.0.201904181610/tools/bin/../lib/gcc/arm-none-eabi/7.3.1/thumb/v7-m/crti.o
 .data          0x0000000000000000        0x4 c:/st/stm32cubeide_1.0.0/stm32cubeide/plugins/com.st.stm32cube.ide.mcu.externaltools.gnu-tools-for-stm32.7-2018-q2-update.win32_1.0.0.201904181610/tools/bin/../lib/gcc/arm-none-eabi/7.3.1/thumb/v7-m/crtbegin.o
 .text          0x0000000000000000       0x74 c:/st/stm32cubeide_1.0.0/stm32cubeide/plugins/com.st.stm32cube.ide.mcu.externaltools.gnu-tools-for-stm32.7-2018-q2-update.win32_1.0.0.201904181610/tools/bin/../lib/gcc/arm-none-eabi/7.3.1/../../../../arm-none-eabi/lib/thumb/v7-m/crt0.o
 .data          0x0000000000000000        0x0 c:/st/stm32cubeide_1.0.0/stm32cubeide/plugins/com.st.stm32cube.ide.mcu.externaltools.gnu-tools-for-stm32.7-2018-q2-update.win32_1.0.0.201904181610/tools/bin/../lib/gcc/arm-none-eabi/7.3.1/../../../../arm-none-eabi/lib/thumb/v7-m/crt0.o
[...]
Memory Configuration

Name             Origin             Length             Attributes
RAM              0x0000000020000000 0x0000000000005000 xrw
FLASH            0x0000000008000000 0x0000000000010000 xr
*default*        0x0000000000000000 0xffffffffffffffff

Linker script and memory map

LOAD c:/st/stm32cubeide_1.0.0/stm32cubeide/plugins/com.st.stm32cube.ide.mcu.externaltools.gnu-tools-for-stm32.7-2018-q2-update.win32_1.0.0.201904181610/tools/bin/../lib/gcc/arm-none-eabi/7.3.1/thumb/v7-m/crti.o
LOAD c:/st/stm32cubeide_1.0.0/stm32cubeide/plugins/com.st.stm32cube.ide.mcu.externaltools.gnu-tools-for-stm32.7-2018-q2-update.win32_1.0.0.201904181610/tools/bin/../lib/gcc/arm-none-eabi/7.3.1/thumb/v7-m/crtbegin.o
LOAD c:/st/stm32cubeide_1.0.0/stm32cubeide/plugins/com.st.stm32cube.ide.mcu.externaltools.gnu-tools-for-stm32.7-2018-q2-update.win32_1.0.0.201904181610/tools/bin/../lib/gcc/arm-none-eabi/7.3.1/../../../../arm-none-eabi/lib/thumb/v7-m/crt0.o
LOAD Drivers/STM32F1xx_HAL_Driver/Src/stm32f1xx_hal.o
LOAD Drivers/STM32F1xx_HAL_Driver/Src/stm32f1xx_hal_cortex.o
LOAD Drivers/STM32F1xx_HAL_Driver/Src/stm32f1xx_hal_dma.o
LOAD Drivers/STM32F1xx_HAL_Driver/Src/stm32f1xx_hal_exti.o
LOAD Drivers/STM32F1xx_HAL_Driver/Src/stm32f1xx_hal_flash.o
LOAD Drivers/STM32F1xx_HAL_Driver/Src/stm32f1xx_hal_flash_ex.o
LOAD Drivers/STM32F1xx_HAL_Driver/Src/stm32f1xx_hal_gpio.o
LOAD Drivers/STM32F1xx_HAL_Driver/Src/stm32f1xx_hal_gpio_ex.o
LOAD Drivers/STM32F1xx_HAL_Driver/Src/stm32f1xx_hal_pcd.o
LOAD Drivers/STM32F1xx_HAL_Driver/Src/stm32f1xx_hal_pcd_ex.o
LOAD Drivers/STM32F1xx_HAL_Driver/Src/stm32f1xx_hal_pwr.o
LOAD Drivers/STM32F1xx_HAL_Driver/Src/stm32f1xx_hal_rcc.o
LOAD Drivers/STM32F1xx_HAL_Driver/Src/stm32f1xx_hal_rcc_ex.o
LOAD Drivers/STM32F1xx_HAL_Driver/Src/stm32f1xx_hal_spi.o
LOAD Drivers/STM32F1xx_HAL_Driver/Src/stm32f1xx_hal_tim.o
LOAD Drivers/STM32F1xx_HAL_Driver/Src/stm32f1xx_hal_tim_ex.o
LOAD Drivers/STM32F1xx_HAL_Driver/Src/stm32f1xx_hal_uart.o
LOAD Drivers/STM32F1xx_HAL_Driver/Src/stm32f1xx_ll_usb.o
LOAD Middlewares/ST/STM32_USB_Device_Library/Class/CustomHID/Src/usbd_customhid.o
LOAD Middlewares/ST/STM32_USB_Device_Library/Core/Src/usbd_core.o
LOAD Middlewares/ST/STM32_USB_Device_Library/Core/Src/usbd_ctlreq.o
LOAD Middlewares/ST/STM32_USB_Device_Library/Core/Src/usbd_ioreq.o
LOAD Src/btctrl.o
LOAD Src/entertainmentctrl.o
LOAD Src/lcdctrl.o
LOAD Src/main.o
LOAD Src/playersledsctrl.o
LOAD Src/stm32f1xx_hal_msp.o
LOAD Src/stm32f1xx_it.o
LOAD Src/syscalls.o
LOAD Src/sysmem.o
LOAD Src/system_stm32f1xx.o
LOAD Src/usb_device.o
LOAD Src/usbd_conf.o
LOAD Src/usbd_custom_hid_if.o
LOAD Src/usbd_desc.o
LOAD Startup/startup_stm32f103c8tx.o
START GROUP
LOAD c:/st/stm32cubeide_1.0.0/stm32cubeide/plugins/com.st.stm32cube.ide.mcu.externaltools.gnu-tools-for-stm32.7-2018-q2-update.win32_1.0.0.201904181610/tools/bin/../lib/gcc/arm-none-eabi/7.3.1/../../../../arm-none-eabi/lib/thumb/v7-m\libc_nano.a
LOAD c:/st/stm32cubeide_1.0.0/stm32cubeide/plugins/com.st.stm32cube.ide.mcu.externaltools.gnu-tools-for-stm32.7-2018-q2-update.win32_1.0.0.201904181610/tools/bin/../lib/gcc/arm-none-eabi/7.3.1/../../../../arm-none-eabi/lib/thumb/v7-m\libm.a
END GROUP
START GROUP
LOAD c:/st/stm32cubeide_1.0.0/stm32cubeide/plugins/com.st.stm32cube.ide.mcu.externaltools.gnu-tools-for-stm32.7-2018-q2-update.win32_1.0.0.201904181610/tools/bin/../lib/gcc/arm-none-eabi/7.3.1/thumb/v7-m\libgcc.a
LOAD c:/st/stm32cubeide_1.0.0/stm32cubeide/plugins/com.st.stm32cube.ide.mcu.externaltools.gnu-tools-for-stm32.7-2018-q2-update.win32_1.0.0.201904181610/tools/bin/../lib/gcc/arm-none-eabi/7.3.1/../../../../arm-none-eabi/lib/thumb/v7-m\libc_nano.a
END GROUP
START GROUP
LOAD c:/st/stm32cubeide_1.0.0/stm32cubeide/plugins/com.st.stm32cube.ide.mcu.externaltools.gnu-tools-for-stm32.7-2018-q2-update.win32_1.0.0.201904181610/tools/bin/../lib/gcc/arm-none-eabi/7.3.1/thumb/v7-m\libgcc.a
LOAD c:/st/stm32cubeide_1.0.0/stm32cubeide/plugins/com.st.stm32cube.ide.mcu.externaltools.gnu-tools-for-stm32.7-2018-q2-update.win32_1.0.0.201904181610/tools/bin/../lib/gcc/arm-none-eabi/7.3.1/../../../../arm-none-eabi/lib/thumb/v7-m\libc_nano.a
LOAD c:/st/stm32cubeide_1.0.0/stm32cubeide/plugins/com.st.stm32cube.ide.mcu.externaltools.gnu-tools-for-stm32.7-2018-q2-update.win32_1.0.0.201904181610/tools/bin/../lib/gcc/arm-none-eabi/7.3.1/../../../../arm-none-eabi/lib/thumb/v7-m\libnosys.a
END GROUP
START GROUP
LOAD c:/st/stm32cubeide_1.0.0/stm32cubeide/plugins/com.st.stm32cube.ide.mcu.externaltools.gnu-tools-for-stm32.7-2018-q2-update.win32_1.0.0.201904181610/tools/bin/../lib/gcc/arm-none-eabi/7.3.1/thumb/v7-m\libgcc.a
LOAD c:/st/stm32cubeide_1.0.0/stm32cubeide/plugins/com.st.stm32cube.ide.mcu.externaltools.gnu-tools-for-stm32.7-2018-q2-update.win32_1.0.0.201904181610/tools/bin/../lib/gcc/arm-none-eabi/7.3.1/../../../../arm-none-eabi/lib/thumb/v7-m\libc_nano.a
LOAD c:/st/stm32cubeide_1.0.0/stm32cubeide/plugins/com.st.stm32cube.ide.mcu.externaltools.gnu-tools-for-stm32.7-2018-q2-update.win32_1.0.0.201904181610/tools/bin/../lib/gcc/arm-none-eabi/7.3.1/../../../../arm-none-eabi/lib/thumb/v7-m\libnosys.a
END GROUP
LOAD c:/st/stm32cubeide_1.0.0/stm32cubeide/plugins/com.st.stm32cube.ide.mcu.externaltools.gnu-tools-for-stm32.7-2018-q2-update.win32_1.0.0.201904181610/tools/bin/../lib/gcc/arm-none-eabi/7.3.1/thumb/v7-m/crtend.o
LOAD c:/st/stm32cubeide_1.0.0/stm32cubeide/plugins/com.st.stm32cube.ide.mcu.externaltools.gnu-tools-for-stm32.7-2018-q2-update.win32_1.0.0.201904181610/tools/bin/../lib/gcc/arm-none-eabi/7.3.1/thumb/v7-m/crtn.o
                0x0000000020005000                _estack = 0x20005000
                0x0000000000000200                _Min_Heap_Size = 0x200
                0x0000000000000400                _Min_Stack_Size = 0x400

.isr_vector     0x0000000008000000      0x10c
                0x0000000008000000                . = ALIGN (0x4)
 *(.isr_vector)
 .isr_vector    0x0000000008000000      0x10c Startup/startup_stm32f103c8tx.o
                0x0000000008000000                g_pfnVectors
                0x000000000800010c                . = ALIGN (0x4)

.text           0x000000000800010c     0x5b08
                0x000000000800010c                . = ALIGN (0x4)
 *(.text)
 .text          0x000000000800010c       0x40 c:/st/stm32cubeide_1.0.0/stm32cubeide/plugins/com.st.stm32cube.ide.mcu.externaltools.gnu-tools-for-stm32.7-2018-q2-update.win32_1.0.0.201904181610/tools/bin/../lib/gcc/arm-none-eabi/7.3.1/thumb/v7-m/crtbegin.o
 *(.text*)
 .text.HAL_InitTick
                0x000000000800014c       0x48 Drivers/STM32F1xx_HAL_Driver/Src/stm32f1xx_hal.o
                0x000000000800014c                HAL_InitTick
 .text.HAL_Init
                0x0000000008000194       0x24 Drivers/STM32F1xx_HAL_Driver/Src/stm32f1xx_hal.o
                0x0000000008000194                HAL_Init
 .text.HAL_IncTick
                0x00000000080001b8       0x18 Drivers/STM32F1xx_HAL_Driver/Src/stm32f1xx_hal.o
                0x00000000080001b8                HAL_IncTick
 .text.HAL_GetTick
                0x00000000080001d0        0xc Drivers/STM32F1xx_HAL_Driver/Src/stm32f1xx_hal.o
                0x00000000080001d0                HAL_GetTick
 .text.HAL_Delay
                0x00000000080001dc       0x24 Drivers/STM32F1xx_HAL_Driver/Src/stm32f1xx_hal.o
                0x00000000080001dc                HAL_Delay
 .text.HAL_NVIC_SetPriorityGrouping
                0x0000000008000200       0x24 Drivers/STM32F1xx_HAL_Driver/Src/stm32f1xx_hal_cortex.o
                0x0000000008000200                HAL_NVIC_SetPriorityGrouping
 .text.HAL_NVIC_SetPriority
                0x0000000008000224       0x6c Drivers/STM32F1xx_HAL_Driver/Src/stm32f1xx_hal_cortex.o
                0x0000000008000224                HAL_NVIC_SetPriority
 .text.HAL_NVIC_EnableIRQ
                0x0000000008000290       0x1c Drivers/STM32F1xx_HAL_Driver/Src/stm32f1xx_hal_cortex.o
                0x0000000008000290                HAL_NVIC_EnableIRQ
 .text.HAL_SYSTICK_Config
                0x00000000080002ac       0x30 Drivers/STM32F1xx_HAL_Driver/Src/stm32f1xx_hal_cortex.o
                0x00000000080002ac                HAL_SYSTICK_Config
 .text.HAL_DMA_Abort_IT
                0x00000000080002dc       0x98 Drivers/STM32F1xx_HAL_Driver/Src/stm32f1xx_hal_dma.o
                0x00000000080002dc                HAL_DMA_Abort_IT
 .text.HAL_GPIO_Init
                0x0000000008000374      0x1f4 Drivers/STM32F1xx_HAL_Driver/Src/stm32f1xx_hal_gpio.o
                0x0000000008000374                HAL_GPIO_Init
 .text.HAL_GPIO_ReadPin
                0x0000000008000568        0xc Drivers/STM32F1xx_HAL_Driver/Src/stm32f1xx_hal_gpio.o
                0x0000000008000568                HAL_GPIO_ReadPin
 .text.HAL_GPIO_WritePin
                0x0000000008000574        0x8 Drivers/STM32F1xx_HAL_Driver/Src/stm32f1xx_hal_gpio.o
                0x0000000008000574                HAL_GPIO_WritePin
 .text.HAL_GPIO_EXTI_IRQHandler
                0x000000000800057c       0x18 Drivers/STM32F1xx_HAL_Driver/Src/stm32f1xx_hal_gpio.o
                0x000000000800057c                HAL_GPIO_EXTI_IRQHandler
 .text.HAL_PCD_Init
                0x0000000008000594       0xfc Drivers/STM32F1xx_HAL_Driver/Src/stm32f1xx_hal_pcd.o
                0x0000000008000594                HAL_PCD_Init
 .text.HAL_PCD_Start
                0x0000000008000690       0x30 Drivers/STM32F1xx_HAL_Driver/Src/stm32f1xx_hal_pcd.o
                0x0000000008000690                HAL_PCD_Start
 .text.HAL_PCD_IRQHandler
                0x00000000080006c0      0x4dc Drivers/STM32F1xx_HAL_Driver/Src/stm32f1xx_hal_pcd.o
                0x00000000080006c0                HAL_PCD_IRQHandler
 .text.HAL_PCD_SetAddress
                0x0000000008000b9c       0x28 Drivers/STM32F1xx_HAL_Driver/Src/stm32f1xx_hal_pcd.o
                0x0000000008000b9c                HAL_PCD_SetAddress
 .text.HAL_PCD_EP_Open
                0x0000000008000bc4       0x64 Drivers/STM32F1xx_HAL_Driver/Src/stm32f1xx_hal_pcd.o
                0x0000000008000bc4                HAL_PCD_EP_Open
 .text.HAL_PCD_EP_Close
                0x0000000008000c28       0x58 Drivers/STM32F1xx_HAL_Driver/Src/stm32f1xx_hal_pcd.o
                0x0000000008000c28                HAL_PCD_EP_Close
 .text.HAL_PCD_EP_Receive
                0x0000000008000c80       0x30 Drivers/STM32F1xx_HAL_Driver/Src/stm32f1xx_hal_pcd.o
                0x0000000008000c80                HAL_PCD_EP_Receive
 .text.HAL_PCD_EP_Transmit
                0x0000000008000cb0       0x2c Drivers/STM32F1xx_HAL_Driver/Src/stm32f1xx_hal_pcd.o
                0x0000000008000cb0                HAL_PCD_EP_Transmit
 .text.HAL_PCD_EP_SetStall
                0x0000000008000cdc       0x78 Drivers/STM32F1xx_HAL_Driver/Src/stm32f1xx_hal_pcd.o
                0x0000000008000cdc                HAL_PCD_EP_SetStall
 .text.HAL_PCD_EP_ClrStall
                0x0000000008000d54       0x70 Drivers/STM32F1xx_HAL_Driver/Src/stm32f1xx_hal_pcd.o
                0x0000000008000d54                HAL_PCD_EP_ClrStall
 .text.HAL_PCDEx_PMAConfig
                0x0000000008000dc4       0x38 Drivers/STM32F1xx_HAL_Driver/Src/stm32f1xx_hal_pcd_ex.o
                0x0000000008000dc4                HAL_PCDEx_PMAConfig
 .text.HAL_RCC_OscConfig
                0x0000000008000dfc      0x3f0 Drivers/STM32F1xx_HAL_Driver/Src/stm32f1xx_hal_rcc.o
                0x0000000008000dfc                HAL_RCC_OscConfig
 .text.HAL_RCC_ClockConfig
                0x00000000080011ec      0x198 Drivers/STM32F1xx_HAL_Driver/Src/stm32f1xx_hal_rcc.o
                0x00000000080011ec                HAL_RCC_ClockConfig
 .text.HAL_RCC_GetPCLK1Freq
                0x0000000008001384       0x20 Drivers/STM32F1xx_HAL_Driver/Src/stm32f1xx_hal_rcc.o
                0x0000000008001384                HAL_RCC_GetPCLK1Freq
 .text.HAL_RCC_GetPCLK2Freq
                0x00000000080013a4       0x20 Drivers/STM32F1xx_HAL_Driver/Src/stm32f1xx_hal_rcc.o
                0x00000000080013a4                HAL_RCC_GetPCLK2Freq
 .text.HAL_RCCEx_PeriphCLKConfig
                0x00000000080013c4      0x104 Drivers/STM32F1xx_HAL_Driver/Src/stm32f1xx_hal_rcc_ex.o
                0x00000000080013c4                HAL_RCCEx_PeriphCLKConfig
 .text.HAL_SPI_Init
                0x00000000080014c8       0x80 Drivers/STM32F1xx_HAL_Driver/Src/stm32f1xx_hal_spi.o
                0x00000000080014c8                HAL_SPI_Init
 .text.HAL_SPI_Transmit
                0x0000000008001548      0x22c Drivers/STM32F1xx_HAL_Driver/Src/stm32f1xx_hal_spi.o
                0x0000000008001548                HAL_SPI_Transmit
 .text.HAL_TIM_Base_Init
                0x0000000008001774       0x9c Drivers/STM32F1xx_HAL_Driver/Src/stm32f1xx_hal_tim.o
                0x0000000008001774                HAL_TIM_Base_Init
 .text.HAL_TIM_PWM_MspInit
                0x0000000008001810        0x4 Drivers/STM32F1xx_HAL_Driver/Src/stm32f1xx_hal_tim.o
                0x0000000008001810                HAL_TIM_PWM_MspInit
 .text.HAL_TIM_PWM_Init
                0x0000000008001814       0x9c Drivers/STM32F1xx_HAL_Driver/Src/stm32f1xx_hal_tim.o
                0x0000000008001814                HAL_TIM_PWM_Init
 .text.HAL_TIM_PWM_Start
                0x00000000080018b0       0x44 Drivers/STM32F1xx_HAL_Driver/Src/stm32f1xx_hal_tim.o
                0x00000000080018b0                HAL_TIM_PWM_Start
 .text.HAL_TIM_PWM_Stop
                0x00000000080018f4       0x6c Drivers/STM32F1xx_HAL_Driver/Src/stm32f1xx_hal_tim.o
                0x00000000080018f4                HAL_TIM_PWM_Stop
 .text.HAL_TIM_PWM_ConfigChannel
                0x0000000008001960      0x1f4 Drivers/STM32F1xx_HAL_Driver/Src/stm32f1xx_hal_tim.o
                0x0000000008001960                HAL_TIM_PWM_ConfigChannel
 .text.HAL_TIM_ConfigClockSource
                0x0000000008001b54      0x14c Drivers/STM32F1xx_HAL_Driver/Src/stm32f1xx_hal_tim.o
                0x0000000008001b54                HAL_TIM_ConfigClockSource
 .text.HAL_TIMEx_MasterConfigSynchronization
                0x0000000008001ca0       0x44 Drivers/STM32F1xx_HAL_Driver/Src/stm32f1xx_hal_tim_ex.o
                0x0000000008001ca0                HAL_TIMEx_MasterConfigSynchronization
 .text.HAL_TIMEx_ConfigBreakDeadTime
                0x0000000008001ce4       0x54 Drivers/STM32F1xx_HAL_Driver/Src/stm32f1xx_hal_tim_ex.o
                0x0000000008001ce4                HAL_TIMEx_ConfigBreakDeadTime
 .text.HAL_UART_Init
                0x0000000008001d38       0xd4 Drivers/STM32F1xx_HAL_Driver/Src/stm32f1xx_hal_uart.o
                0x0000000008001d38                HAL_UART_Init
 .text.HAL_UART_Transmit
                0x0000000008001e0c      0x114 Drivers/STM32F1xx_HAL_Driver/Src/stm32f1xx_hal_uart.o
                0x0000000008001e0c                HAL_UART_Transmit
 .text.HAL_UART_Receive_IT
                0x0000000008001f20       0x54 Drivers/STM32F1xx_HAL_Driver/Src/stm32f1xx_hal_uart.o
                0x0000000008001f20                HAL_UART_Receive_IT
 .text.HAL_UART_TxCpltCallback
                0x0000000008001f74        0x4 Drivers/STM32F1xx_HAL_Driver/Src/stm32f1xx_hal_uart.o
                0x0000000008001f74                HAL_UART_TxCpltCallback
 .text.UART_Receive_IT.part.1
                0x0000000008001f78       0x6c Drivers/STM32F1xx_HAL_Driver/Src/stm32f1xx_hal_uart.o
 .text.HAL_UART_ErrorCallback
                0x0000000008001fe4        0x4 Drivers/STM32F1xx_HAL_Driver/Src/stm32f1xx_hal_uart.o
                0x0000000008001fe4                HAL_UART_ErrorCallback
 .text.HAL_UART_IRQHandler
                0x0000000008001fe8      0x184 Drivers/STM32F1xx_HAL_Driver/Src/stm32f1xx_hal_uart.o
                0x0000000008001fe8                HAL_UART_IRQHandler
 .text.UART_DMAAbortOnError
                0x000000000800216c       0x14 Drivers/STM32F1xx_HAL_Driver/Src/stm32f1xx_hal_uart.o
 .text.USB_CoreInit
                0x0000000008002180       0x10 Drivers/STM32F1xx_HAL_Driver/Src/stm32f1xx_ll_usb.o
                0x0000000008002180                USB_CoreInit
 .text.USB_EnableGlobalInt
                0x0000000008002190       0x14 Drivers/STM32F1xx_HAL_Driver/Src/stm32f1xx_ll_usb.o
                0x0000000008002190                USB_EnableGlobalInt
 .text.USB_DisableGlobalInt
                0x00000000080021a4       0x14 Drivers/STM32F1xx_HAL_Driver/Src/stm32f1xx_ll_usb.o
                0x00000000080021a4                USB_DisableGlobalInt
 .text.USB_SetCurrentMode
                0x00000000080021b8        0x4 Drivers/STM32F1xx_HAL_Driver/Src/stm32f1xx_ll_usb.o
                0x00000000080021b8                USB_SetCurrentMode
 .text.USB_DevInit
                0x00000000080021bc       0x34 Drivers/STM32F1xx_HAL_Driver/Src/stm32f1xx_ll_usb.o
                0x00000000080021bc                USB_DevInit
 .text.USB_ActivateEndpoint
                0x00000000080021f0      0x310 Drivers/STM32F1xx_HAL_Driver/Src/stm32f1xx_ll_usb.o
                0x00000000080021f0                USB_ActivateEndpoint
 .text.USB_DeactivateEndpoint
                0x0000000008002500      0x1ac Drivers/STM32F1xx_HAL_Driver/Src/stm32f1xx_ll_usb.o
                0x0000000008002500                USB_DeactivateEndpoint
 .text.USB_EPStartXfer
                0x00000000080026ac      0x250 Drivers/STM32F1xx_HAL_Driver/Src/stm32f1xx_ll_usb.o
                0x00000000080026ac                USB_EPStartXfer
 .text.USB_EPSetStall
                0x00000000080028fc       0x44 Drivers/STM32F1xx_HAL_Driver/Src/stm32f1xx_ll_usb.o
                0x00000000080028fc                USB_EPSetStall
 .text.USB_EPClearStall
                0x0000000008002940       0xa8 Drivers/STM32F1xx_HAL_Driver/Src/stm32f1xx_ll_usb.o
                0x0000000008002940                USB_EPClearStall
 .text.USB_SetDevAddress
                0x00000000080029e8        0xc Drivers/STM32F1xx_HAL_Driver/Src/stm32f1xx_ll_usb.o
                0x00000000080029e8                USB_SetDevAddress
 .text.USB_DevConnect
                0x00000000080029f4        0x4 Drivers/STM32F1xx_HAL_Driver/Src/stm32f1xx_ll_usb.o
                0x00000000080029f4                USB_DevConnect
 .text.USB_DevDisconnect
                0x00000000080029f8        0x4 Drivers/STM32F1xx_HAL_Driver/Src/stm32f1xx_ll_usb.o
                0x00000000080029f8                USB_DevDisconnect
 .text.USB_ReadInterrupts
                0x00000000080029fc        0x8 Drivers/STM32F1xx_HAL_Driver/Src/stm32f1xx_ll_usb.o
                0x00000000080029fc                USB_ReadInterrupts
 .text.USB_EP0_OutStart
                0x0000000008002a04        0x4 Drivers/STM32F1xx_HAL_Driver/Src/stm32f1xx_ll_usb.o
                0x0000000008002a04                USB_EP0_OutStart
 .text.USB_ReadPMA
                0x0000000008002a08       0x4c Drivers/STM32F1xx_HAL_Driver/Src/stm32f1xx_ll_usb.o
                0x0000000008002a08                USB_ReadPMA
 .text.USBD_CUSTOM_HID_GetFSCfgDesc
                0x0000000008002a54        0xc Middlewares/ST/STM32_USB_Device_Library/Class/CustomHID/Src/usbd_customhid.o
 .text.USBD_CUSTOM_HID_GetHSCfgDesc
                0x0000000008002a60        0xc Middlewares/ST/STM32_USB_Device_Library/Class/CustomHID/Src/usbd_customhid.o
 .text.USBD_CUSTOM_HID_GetOtherSpeedCfgDesc
                0x0000000008002a6c        0xc Middlewares/ST/STM32_USB_Device_Library/Class/CustomHID/Src/usbd_customhid.o
 .text.USBD_CUSTOM_HID_DataIn
                0x0000000008002a78        0xc Middlewares/ST/STM32_USB_Device_Library/Class/CustomHID/Src/usbd_customhid.o
 .text.USBD_CUSTOM_HID_EP0_RxReady
                0x0000000008002a84       0x20 Middlewares/ST/STM32_USB_Device_Library/Class/CustomHID/Src/usbd_customhid.o
 .text.USBD_CUSTOM_HID_GetDeviceQualifierDesc
                0x0000000008002aa4        0xc Middlewares/ST/STM32_USB_Device_Library/Class/CustomHID/Src/usbd_customhid.o
 .text.USBD_CUSTOM_HID_DataOut
                0x0000000008002ab0       0x24 Middlewares/ST/STM32_USB_Device_Library/Class/CustomHID/Src/usbd_customhid.o
 .text.USBD_CUSTOM_HID_Setup
                0x0000000008002ad4      0x144 Middlewares/ST/STM32_USB_Device_Library/Class/CustomHID/Src/usbd_customhid.o
 .text.USBD_CUSTOM_HID_DeInit
                0x0000000008002c18       0x38 Middlewares/ST/STM32_USB_Device_Library/Class/CustomHID/Src/usbd_customhid.o
 .text.USBD_CUSTOM_HID_Init
                0x0000000008002c50       0x50 Middlewares/ST/STM32_USB_Device_Library/Class/CustomHID/Src/usbd_customhid.o
 .text.USBD_CUSTOM_HID_SendReport
                0x0000000008002ca0       0x2c Middlewares/ST/STM32_USB_Device_Library/Class/CustomHID/Src/usbd_customhid.o
                0x0000000008002ca0                USBD_CUSTOM_HID_SendReport
 .text.USBD_CUSTOM_HID_RegisterInterface
                0x0000000008002ccc       0x10 Middlewares/ST/STM32_USB_Device_Library/Class/CustomHID/Src/usbd_customhid.o
                0x0000000008002ccc                USBD_CUSTOM_HID_RegisterInterface
 .text.USBD_Init
                0x0000000008002cdc       0x2c Middlewares/ST/STM32_USB_Device_Library/Core/Src/usbd_core.o
                0x0000000008002cdc                USBD_Init
 .text.USBD_RegisterClass
                0x0000000008002d08       0x10 Middlewares/ST/STM32_USB_Device_Library/Core/Src/usbd_core.o
                0x0000000008002d08                USBD_RegisterClass
 .text.USBD_Start
                0x0000000008002d18        0xc Middlewares/ST/STM32_USB_Device_Library/Core/Src/usbd_core.o
                0x0000000008002d18                USBD_Start
 .text.USBD_SetClassConfig
                0x0000000008002d24       0x14 Middlewares/ST/STM32_USB_Device_Library/Core/Src/usbd_core.o
                0x0000000008002d24                USBD_SetClassConfig
 .text.USBD_ClrClassConfig
                0x0000000008002d38       0x10 Middlewares/ST/STM32_USB_Device_Library/Core/Src/usbd_core.o
                0x0000000008002d38                USBD_ClrClassConfig
 .text.USBD_LL_SetupStage
                0x0000000008002d48       0x60 Middlewares/ST/STM32_USB_Device_Library/Core/Src/usbd_core.o
                0x0000000008002d48                USBD_LL_SetupStage
 .text.USBD_LL_DataOutStage
                0x0000000008002da8       0x80 Middlewares/ST/STM32_USB_Device_Library/Core/Src/usbd_core.o
                0x0000000008002da8                USBD_LL_DataOutStage
 .text.USBD_LL_DataInStage
                0x0000000008002e28       0xc0 Middlewares/ST/STM32_USB_Device_Library/Core/Src/usbd_core.o
                0x0000000008002e28                USBD_LL_DataInStage
 .text.USBD_LL_Reset
                0x0000000008002ee8       0x50 Middlewares/ST/STM32_USB_Device_Library/Core/Src/usbd_core.o
                0x0000000008002ee8                USBD_LL_Reset
 .text.USBD_LL_SetSpeed
                0x0000000008002f38        0x8 Middlewares/ST/STM32_USB_Device_Library/Core/Src/usbd_core.o
                0x0000000008002f38                USBD_LL_SetSpeed
 .text.USBD_LL_Suspend
                0x0000000008002f40       0x14 Middlewares/ST/STM32_USB_Device_Library/Core/Src/usbd_core.o
                0x0000000008002f40                USBD_LL_Suspend
 .text.USBD_LL_Resume
                0x0000000008002f54       0x14 Middlewares/ST/STM32_USB_Device_Library/Core/Src/usbd_core.o
                0x0000000008002f54                USBD_LL_Resume
 .text.USBD_LL_SOF
                0x0000000008002f68       0x1c Middlewares/ST/STM32_USB_Device_Library/Core/Src/usbd_core.o
                0x0000000008002f68                USBD_LL_SOF
 .text.USBD_StdDevReq
                0x0000000008002f84      0x2f8 Middlewares/ST/STM32_USB_Device_Library/Core/Src/usbd_ctlreq.o
                0x0000000008002f84                USBD_StdDevReq
 .text.USBD_StdItfReq
                0x000000000800327c       0x58 Middlewares/ST/STM32_USB_Device_Library/Core/Src/usbd_ctlreq.o
                0x000000000800327c                USBD_StdItfReq
 .text.USBD_StdEPReq
                0x00000000080032d4      0x12c Middlewares/ST/STM32_USB_Device_Library/Core/Src/usbd_ctlreq.o
                0x00000000080032d4                USBD_StdEPReq
 .text.USBD_ParseSetupRequest
                0x0000000008003400       0x28 Middlewares/ST/STM32_USB_Device_Library/Core/Src/usbd_ctlreq.o
                0x0000000008003400                USBD_ParseSetupRequest
 .text.USBD_CtlError
                0x0000000008003428       0x18 Middlewares/ST/STM32_USB_Device_Library/Core/Src/usbd_ctlreq.o
                0x0000000008003428                USBD_CtlError
 .text.USBD_GetString
                0x0000000008003440       0x4c Middlewares/ST/STM32_USB_Device_Library/Core/Src/usbd_ctlreq.o
                0x0000000008003440                USBD_GetString
 .text.USBD_CtlSendData
                0x000000000800348c       0x1c Middlewares/ST/STM32_USB_Device_Library/Core/Src/usbd_ioreq.o
                0x000000000800348c                USBD_CtlSendData
 .text.USBD_CtlContinueSendData
                0x00000000080034a8       0x10 Middlewares/ST/STM32_USB_Device_Library/Core/Src/usbd_ioreq.o
                0x00000000080034a8                USBD_CtlContinueSendData
 .text.USBD_CtlPrepareRx
                0x00000000080034b8       0x20 Middlewares/ST/STM32_USB_Device_Library/Core/Src/usbd_ioreq.o
                0x00000000080034b8                USBD_CtlPrepareRx
 .text.USBD_CtlContinueRx
                0x00000000080034d8       0x10 Middlewares/ST/STM32_USB_Device_Library/Core/Src/usbd_ioreq.o
                0x00000000080034d8                USBD_CtlContinueRx
 .text.USBD_CtlSendStatus
                0x00000000080034e8       0x18 Middlewares/ST/STM32_USB_Device_Library/Core/Src/usbd_ioreq.o
                0x00000000080034e8                USBD_CtlSendStatus
 .text.USBD_CtlReceiveStatus
                0x0000000008003500       0x18 Middlewares/ST/STM32_USB_Device_Library/Core/Src/usbd_ioreq.o
                0x0000000008003500                USBD_CtlReceiveStatus
 .text.BT_Init  0x0000000008003518        0x8 Src/btctrl.o
                0x0000000008003518                BT_Init
 .text.BT_EnableBt
                0x0000000008003520       0x3c Src/btctrl.o
                0x0000000008003520                BT_EnableBt
 .text.BT_SendByte
                0x000000000800355c       0x30 Src/btctrl.o
                0x000000000800355c                BT_SendByte
 .text.HAL_UART_RxCpltCallback
                0x000000000800358c       0x48 Src/btctrl.o
                0x000000000800358c                HAL_UART_RxCpltCallback
 .text.ENT_Init
                0x00000000080035d4       0x10 Src/entertainmentctrl.o
                0x00000000080035d4                ENT_Init
 .text.ENT_StartLedOn
                0x00000000080035e4       0x28 Src/entertainmentctrl.o
                0x00000000080035e4                ENT_StartLedOn
 .text.ENT_StartLedOff
                0x000000000800360c       0x10 Src/entertainmentctrl.o
                0x000000000800360c                ENT_StartLedOff
 .text.ENT_EnableSound
                0x000000000800361c       0x10 Src/entertainmentctrl.o
                0x000000000800361c                ENT_EnableSound
 .text.LCD_Init
                0x000000000800362c     0x1284 Src/lcdctrl.o
                0x000000000800362c                LCD_Init
 .text.LCD_FillScreen
                0x00000000080048b0      0x2d0 Src/lcdctrl.o
                0x00000000080048b0                LCD_FillScreen
 .text.LCD_DrawFilledRectangle
                0x0000000008004b80      0x348 Src/lcdctrl.o
                0x0000000008004b80                LCD_DrawFilledRectangle
 .text.sendPlayerLeds
                0x0000000008004ec8       0x44 Src/main.o
 .text.SystemClock_Config
                0x0000000008004f0c       0x68 Src/main.o
                0x0000000008004f0c                SystemClock_Config
 .text.startup.main
                0x0000000008004f74      0x274 Src/main.o
                0x0000000008004f74                main
 .text.Error_Handler
                0x00000000080051e8        0x4 Src/main.o
                0x00000000080051e8                Error_Handler
 .text.PlayerLeds_Init
                0x00000000080051ec       0x10 Src/playersledsctrl.o
                0x00000000080051ec                PlayerLeds_Init
 .text.PlayerLeds_ClearAll
                0x00000000080051fc       0x10 Src/playersledsctrl.o
                0x00000000080051fc                PlayerLeds_ClearAll
 .text.PlayerLeds_SetPlayer
                0x000000000800520c       0x88 Src/playersledsctrl.o
                0x000000000800520c                PlayerLeds_SetPlayer
 .text.HAL_MspInit
                0x0000000008005294       0x44 Src/stm32f1xx_hal_msp.o
                0x0000000008005294                HAL_MspInit
 .text.HAL_SPI_MspInit
                0x00000000080052d8       0x74 Src/stm32f1xx_hal_msp.o
                0x00000000080052d8                HAL_SPI_MspInit
 .text.HAL_TIM_Base_MspInit
                0x000000000800534c       0x2c Src/stm32f1xx_hal_msp.o
                0x000000000800534c                HAL_TIM_Base_MspInit
 .text.HAL_TIM_MspPostInit
                0x0000000008005378       0x54 Src/stm32f1xx_hal_msp.o
                0x0000000008005378                HAL_TIM_MspPostInit
 .text.HAL_UART_MspInit
                0x00000000080053cc       0x80 Src/stm32f1xx_hal_msp.o
                0x00000000080053cc                HAL_UART_MspInit
 .text.NMI_Handler
                0x000000000800544c        0x4 Src/stm32f1xx_it.o
                0x000000000800544c                NMI_Handler
 .text.HardFault_Handler
                0x0000000008005450        0x4 Src/stm32f1xx_it.o
                0x0000000008005450                HardFault_Handler
 .text.MemManage_Handler
                0x0000000008005454        0x4 Src/stm32f1xx_it.o
                0x0000000008005454                MemManage_Handler
 .text.BusFault_Handler
                0x0000000008005458        0x4 Src/stm32f1xx_it.o
                0x0000000008005458                BusFault_Handler
 .text.UsageFault_Handler
                0x000000000800545c        0x4 Src/stm32f1xx_it.o
                0x000000000800545c                UsageFault_Handler
 .text.SVC_Handler
                0x0000000008005460        0x4 Src/stm32f1xx_it.o
                0x0000000008005460                SVC_Handler
 .text.DebugMon_Handler
                0x0000000008005464        0x4 Src/stm32f1xx_it.o
                0x0000000008005464                DebugMon_Handler
 .text.PendSV_Handler
                0x0000000008005468        0x4 Src/stm32f1xx_it.o
                0x0000000008005468                PendSV_Handler
 .text.SysTick_Handler
                0x000000000800546c        0x4 Src/stm32f1xx_it.o
                0x000000000800546c                SysTick_Handler
 .text.USB_LP_CAN1_RX0_IRQHandler
                0x0000000008005470        0xc Src/stm32f1xx_it.o
                0x0000000008005470                USB_LP_CAN1_RX0_IRQHandler
 .text.USART2_IRQHandler
                0x000000000800547c        0xc Src/stm32f1xx_it.o
                0x000000000800547c                USART2_IRQHandler
 .text.EXTI15_10_IRQHandler
                0x0000000008005488       0x28 Src/stm32f1xx_it.o
                0x0000000008005488                EXTI15_10_IRQHandler
 .text.SystemInit
                0x00000000080054b0       0x50 Src/system_stm32f1xx.o
                0x00000000080054b0                SystemInit
 .text.MX_USB_DEVICE_Init
                0x0000000008005500       0x58 Src/usb_device.o
                0x0000000008005500                MX_USB_DEVICE_Init
 .text.HAL_PCD_MspInit
                0x0000000008005558       0x40 Src/usbd_conf.o
                0x0000000008005558                HAL_PCD_MspInit
 .text.HAL_PCD_SetupStageCallback
                0x0000000008005598        0xc Src/usbd_conf.o
                0x0000000008005598                HAL_PCD_SetupStageCallback
 .text.HAL_PCD_DataOutStageCallback
                0x00000000080055a4       0x10 Src/usbd_conf.o
                0x00000000080055a4                HAL_PCD_DataOutStageCallback
 .text.HAL_PCD_DataInStageCallback
                0x00000000080055b4       0x10 Src/usbd_conf.o
                0x00000000080055b4                HAL_PCD_DataInStageCallback
 .text.HAL_PCD_SOFCallback
                0x00000000080055c4        0x8 Src/usbd_conf.o
                0x00000000080055c4                HAL_PCD_SOFCallback
 .text.HAL_PCD_ResetCallback
                0x00000000080055cc       0x24 Src/usbd_conf.o
                0x00000000080055cc                HAL_PCD_ResetCallback
 .text.HAL_PCD_SuspendCallback
                0x00000000080055f0       0x20 Src/usbd_conf.o
                0x00000000080055f0                HAL_PCD_SuspendCallback
 .text.HAL_PCD_ResumeCallback
                0x0000000008005610        0x8 Src/usbd_conf.o
                0x0000000008005610                HAL_PCD_ResumeCallback
 .text.USBD_LL_Init
                0x0000000008005618       0x74 Src/usbd_conf.o
                0x0000000008005618                USBD_LL_Init
 .text.USBD_LL_Start
                0x000000000800568c       0x1c Src/usbd_conf.o
                0x000000000800568c                USBD_LL_Start
 .text.USBD_LL_OpenEP
                0x00000000080056a8       0x20 Src/usbd_conf.o
                0x00000000080056a8                USBD_LL_OpenEP
 .text.USBD_LL_CloseEP
                0x00000000080056c8       0x1c Src/usbd_conf.o
                0x00000000080056c8                USBD_LL_CloseEP
 .text.USBD_LL_StallEP
                0x00000000080056e4       0x1c Src/usbd_conf.o
                0x00000000080056e4                USBD_LL_StallEP
 .text.USBD_LL_ClearStallEP
                0x0000000008005700       0x1c Src/usbd_conf.o
                0x0000000008005700                USBD_LL_ClearStallEP
 .text.USBD_LL_IsStallEP
                0x000000000800571c       0x20 Src/usbd_conf.o
                0x000000000800571c                USBD_LL_IsStallEP
 .text.USBD_LL_SetUSBAddress
                0x000000000800573c       0x1c Src/usbd_conf.o
                0x000000000800573c                USBD_LL_SetUSBAddress
 .text.USBD_LL_Transmit
                0x0000000008005758       0x1c Src/usbd_conf.o
                0x0000000008005758                USBD_LL_Transmit
 .text.USBD_LL_PrepareReceive
                0x0000000008005774       0x1c Src/usbd_conf.o
                0x0000000008005774                USBD_LL_PrepareReceive
 .text.USBD_static_malloc
                0x0000000008005790        0x8 Src/usbd_conf.o
                0x0000000008005790                USBD_static_malloc
 .text.USBD_static_free
                0x0000000008005798        0x4 Src/usbd_conf.o
                0x0000000008005798                USBD_static_free
 .text.HAL_PCDEx_SetConnectionState
                0x000000000800579c        0x4 Src/usbd_conf.o
                0x000000000800579c                HAL_PCDEx_SetConnectionState
 .text.CUSTOM_HID_Init_FS
                0x00000000080057a0        0x4 Src/usbd_custom_hid_if.o
 .text.CUSTOM_HID_OutEvent_FS
                0x00000000080057a4       0x3c Src/usbd_custom_hid_if.o
 .text.CUSTOM_HID_DeInit_FS
                0x00000000080057e0        0x4 Src/usbd_custom_hid_if.o
 .text.HAL_GPIO_EXTI_Callback
                0x00000000080057e4      0x1c8 Src/usbd_custom_hid_if.o
                0x00000000080057e4                HAL_GPIO_EXTI_Callback
 .text.USBD_FS_DeviceDescriptor
                0x00000000080059ac        0xc Src/usbd_desc.o
                0x00000000080059ac                USBD_FS_DeviceDescriptor
 .text.USBD_FS_LangIDStrDescriptor
                0x00000000080059b8        0xc Src/usbd_desc.o
                0x00000000080059b8                USBD_FS_LangIDStrDescriptor
 .text.USBD_FS_ManufacturerStrDescriptor
                0x00000000080059c4       0x1c Src/usbd_desc.o
                0x00000000080059c4                USBD_FS_ManufacturerStrDescriptor
 .text.USBD_FS_ProductStrDescriptor
                0x00000000080059e0       0x1c Src/usbd_desc.o
                0x00000000080059e0                USBD_FS_ProductStrDescriptor
 .text.USBD_FS_ConfigStrDescriptor
                0x00000000080059fc       0x1c Src/usbd_desc.o
                0x00000000080059fc                USBD_FS_ConfigStrDescriptor
 .text.USBD_FS_InterfaceStrDescriptor
                0x0000000008005a18       0x1c Src/usbd_desc.o
                0x0000000008005a18                USBD_FS_InterfaceStrDescriptor
 .text.USBD_FS_SerialStrDescriptor
                0x0000000008005a34      0x124 Src/usbd_desc.o
                0x0000000008005a34                USBD_FS_SerialStrDescriptor
 .text.Reset_Handler
                0x0000000008005b58       0x48 Startup/startup_stm32f103c8tx.o
                0x0000000008005b58                Reset_Handler
 .text.Default_Handler
                0x0000000008005ba0        0x2 Startup/startup_stm32f103c8tx.o
                0x0000000008005ba0                RTC_Alarm_IRQHandler
                0x0000000008005ba0                EXTI2_IRQHandler
                0x0000000008005ba0                TIM1_CC_IRQHandler
                0x0000000008005ba0                PVD_IRQHandler
                0x0000000008005ba0                EXTI3_IRQHandler
                0x0000000008005ba0                EXTI0_IRQHandler
                0x0000000008005ba0                I2C2_EV_IRQHandler
                0x0000000008005ba0                ADC1_2_IRQHandler
                0x0000000008005ba0                SPI1_IRQHandler
                0x0000000008005ba0                TAMPER_IRQHandler
                0x0000000008005ba0                DMA1_Channel4_IRQHandler
                0x0000000008005ba0                USART3_IRQHandler
                0x0000000008005ba0                RTC_IRQHandler
                0x0000000008005ba0                DMA1_Channel7_IRQHandler
                0x0000000008005ba0                CAN1_RX1_IRQHandler
                0x0000000008005ba0                TIM4_IRQHandler
                0x0000000008005ba0                I2C1_EV_IRQHandler
                0x0000000008005ba0                DMA1_Channel6_IRQHandler
                0x0000000008005ba0                TIM3_IRQHandler
                0x0000000008005ba0                RCC_IRQHandler
                0x0000000008005ba0                TIM1_TRG_COM_IRQHandler
                0x0000000008005ba0                DMA1_Channel1_IRQHandler
                0x0000000008005ba0                Default_Handler
                0x0000000008005ba0                EXTI9_5_IRQHandler
                0x0000000008005ba0                SPI2_IRQHandler
                0x0000000008005ba0                DMA1_Channel5_IRQHandler
                0x0000000008005ba0                EXTI4_IRQHandler
                0x0000000008005ba0                USB_HP_CAN1_TX_IRQHandler
                0x0000000008005ba0                DMA1_Channel3_IRQHandler
                0x0000000008005ba0                TIM1_UP_IRQHandler
                0x0000000008005ba0                WWDG_IRQHandler
                0x0000000008005ba0                TIM2_IRQHandler
                0x0000000008005ba0                TIM1_BRK_IRQHandler
                0x0000000008005ba0                EXTI1_IRQHandler
                0x0000000008005ba0                I2C2_ER_IRQHandler
                0x0000000008005ba0                DMA1_Channel2_IRQHandler
                0x0000000008005ba0                CAN1_SCE_IRQHandler
                0x0000000008005ba0                FLASH_IRQHandler
                0x0000000008005ba0                USART1_IRQHandler
                0x0000000008005ba0                I2C1_ER_IRQHandler
                0x0000000008005ba0                USBWakeUp_IRQHandler
 *fill*         0x0000000008005ba2        0x2 
 .text.__libc_init_array
                0x0000000008005ba4       0x48 c:/st/stm32cubeide_1.0.0/stm32cubeide/plugins/com.st.stm32cube.ide.mcu.externaltools.gnu-tools-for-stm32.7-2018-q2-update.win32_1.0.0.201904181610/tools/bin/../lib/gcc/arm-none-eabi/7.3.1/../../../../arm-none-eabi/lib/thumb/v7-m\libc_nano.a(lib_a-init.o)
                0x0000000008005ba4                __libc_init_array
 .text.memset   0x0000000008005bec       0x10 c:/st/stm32cubeide_1.0.0/stm32cubeide/plugins/com.st.stm32cube.ide.mcu.externaltools.gnu-tools-for-stm32.7-2018-q2-update.win32_1.0.0.201904181610/tools/bin/../lib/gcc/arm-none-eabi/7.3.1/../../../../arm-none-eabi/lib/thumb/v7-m\libc_nano.a(lib_a-memset.o)
                0x0000000008005bec                memset
 *(.glue_7)
 .glue_7        0x0000000008005bfc        0x0 linker stubs
 *(.glue_7t)
 .glue_7t       0x0000000008005bfc        0x0 linker stubs
 *(.eh_frame)
 .eh_frame      0x0000000008005bfc        0x0 c:/st/stm32cubeide_1.0.0/stm32cubeide/plugins/com.st.stm32cube.ide.mcu.externaltools.gnu-tools-for-stm32.7-2018-q2-update.win32_1.0.0.201904181610/tools/bin/../lib/gcc/arm-none-eabi/7.3.1/thumb/v7-m/crtbegin.o
 *(.init)
 .init          0x0000000008005bfc        0x4 c:/st/stm32cubeide_1.0.0/stm32cubeide/plugins/com.st.stm32cube.ide.mcu.externaltools.gnu-tools-for-stm32.7-2018-q2-update.win32_1.0.0.201904181610/tools/bin/../lib/gcc/arm-none-eabi/7.3.1/thumb/v7-m/crti.o
                0x0000000008005bfc                _init
 .init          0x0000000008005c00        0x8 c:/st/stm32cubeide_1.0.0/stm32cubeide/plugins/com.st.stm32cube.ide.mcu.externaltools.gnu-tools-for-stm32.7-2018-q2-update.win32_1.0.0.201904181610/tools/bin/../lib/gcc/arm-none-eabi/7.3.1/thumb/v7-m/crtn.o
 *(.fini)
 .fini          0x0000000008005c08        0x4 c:/st/stm32cubeide_1.0.0/stm32cubeide/plugins/com.st.stm32cube.ide.mcu.externaltools.gnu-tools-for-stm32.7-2018-q2-update.win32_1.0.0.201904181610/tools/bin/../lib/gcc/arm-none-eabi/7.3.1/thumb/v7-m/crti.o
                0x0000000008005c08                _fini
 .fini          0x0000000008005c0c        0x8 c:/st/stm32cubeide_1.0.0/stm32cubeide/plugins/com.st.stm32cube.ide.mcu.externaltools.gnu-tools-for-stm32.7-2018-q2-update.win32_1.0.0.201904181610/tools/bin/../lib/gcc/arm-none-eabi/7.3.1/thumb/v7-m/crtn.o
                0x0000000008005c14                . = ALIGN (0x4)
                0x0000000008005c14                _etext = .

.vfp11_veneer   0x0000000008005c14        0x0
 .vfp11_veneer  0x0000000008005c14        0x0 linker stubs

.v4_bx          0x0000000008005c14        0x0
 .v4_bx         0x0000000008005c14        0x0 linker stubs

.iplt           0x0000000008005c14        0x0
 .iplt          0x0000000008005c14        0x0 c:/st/stm32cubeide_1.0.0/stm32cubeide/plugins/com.st.stm32cube.ide.mcu.externaltools.gnu-tools-for-stm32.7-2018-q2-update.win32_1.0.0.201904181610/tools/bin/../lib/gcc/arm-none-eabi/7.3.1/thumb/v7-m/crtbegin.o

.rodata         0x0000000008005c14       0x7c
                0x0000000008005c14                . = ALIGN (0x4)
 *(.rodata)
 .rodata        0x0000000008005c14       0x10 Drivers/STM32F1xx_HAL_Driver/Src/stm32f1xx_hal_rcc.o
 *(.rodata*)
 .rodata.CSWTCH.5
                0x0000000008005c24        0x4 Src/playersledsctrl.o
 .rodata.AHBPrescTable
                0x0000000008005c28       0x10 Src/system_stm32f1xx.o
                0x0000000008005c28                AHBPrescTable
 .rodata.APBPrescTable
                0x0000000008005c38        0x8 Src/system_stm32f1xx.o
                0x0000000008005c38                APBPrescTable
 .rodata.CSWTCH.3
                0x0000000008005c40        0x4 Src/usbd_conf.o
 .rodata.USBD_FS_ConfigStrDescriptor.str1.4
                0x0000000008005c44       0x11 Src/usbd_desc.o
 *fill*         0x0000000008005c55        0x3 
 .rodata.USBD_FS_InterfaceStrDescriptor.str1.4
                0x0000000008005c58       0x15 Src/usbd_desc.o
 *fill*         0x0000000008005c6d        0x3 
 .rodata.USBD_FS_ManufacturerStrDescriptor.str1.4
                0x0000000008005c70        0x9 Src/usbd_desc.o
 *fill*         0x0000000008005c79        0x3 
 .rodata.USBD_FS_ProductStrDescriptor.str1.4
                0x0000000008005c7c       0x14 Src/usbd_desc.o
                0x0000000008005c90                . = ALIGN (0x4)

.rel.dyn        0x0000000008005c90        0x0
 .rel.iplt      0x0000000008005c90        0x0 c:/st/stm32cubeide_1.0.0/stm32cubeide/plugins/com.st.stm32cube.ide.mcu.externaltools.gnu-tools-for-stm32.7-2018-q2-update.win32_1.0.0.201904181610/tools/bin/../lib/gcc/arm-none-eabi/7.3.1/thumb/v7-m/crtbegin.o

.ARM.extab      0x0000000008005c90        0x0
                0x0000000008005c90                . = ALIGN (0x4)
 *(.ARM.extab* .gnu.linkonce.armextab.*)
                0x0000000008005c90                . = ALIGN (0x4)

.ARM            0x0000000008005c90        0x0
                0x0000000008005c90                . = ALIGN (0x4)
                0x0000000008005c90                __exidx_start = .
 *(.ARM.exidx*)
                0x0000000008005c90                __exidx_end = .
                0x0000000008005c90                . = ALIGN (0x4)

.preinit_array  0x0000000008005c90        0x0
                0x0000000008005c90                . = ALIGN (0x4)
                0x0000000008005c90                PROVIDE (__preinit_array_start = .)
 *(.preinit_array*)
                0x0000000008005c90                PROVIDE (__preinit_array_end = .)
                0x0000000008005c90                . = ALIGN (0x4)

.init_array     0x0000000008005c90        0x4
                0x0000000008005c90                . = ALIGN (0x4)
                0x0000000008005c90                PROVIDE (__init_array_start = .)
 *(SORT_BY_NAME(.init_array.*))
 *(.init_array*)
 .init_array    0x0000000008005c90        0x4 c:/st/stm32cubeide_1.0.0/stm32cubeide/plugins/com.st.stm32cube.ide.mcu.externaltools.gnu-tools-for-stm32.7-2018-q2-update.win32_1.0.0.201904181610/tools/bin/../lib/gcc/arm-none-eabi/7.3.1/thumb/v7-m/crtbegin.o
                0x0000000008005c94                PROVIDE (__init_array_end = .)
                0x0000000008005c94                . = ALIGN (0x4)

.fini_array     0x0000000008005c94        0x4
                0x0000000008005c94                . = ALIGN (0x4)
                [!provide]                        PROVIDE (__fini_array_start = .)
 *(SORT_BY_NAME(.fini_array.*))
 *(.fini_array*)
 .fini_array    0x0000000008005c94        0x4 c:/st/stm32cubeide_1.0.0/stm32cubeide/plugins/com.st.stm32cube.ide.mcu.externaltools.gnu-tools-for-stm32.7-2018-q2-update.win32_1.0.0.201904181610/tools/bin/../lib/gcc/arm-none-eabi/7.3.1/thumb/v7-m/crtbegin.o
                [!provide]                        PROVIDE (__fini_array_end = .)
                0x0000000008005c98                . = ALIGN (0x4)
                0x0000000008005c98                _sidata = LOADADDR (.data)

.data           0x0000000020000000      0x16c load address 0x0000000008005c98
                0x0000000020000000                . = ALIGN (0x4)
                0x0000000020000000                _sdata = .
 *(.data)
 *(.data*)
 .data.uwTickFreq
                0x0000000020000000        0x1 Drivers/STM32F1xx_HAL_Driver/Src/stm32f1xx_hal.o
                0x0000000020000000                uwTickFreq
 *fill*         0x0000000020000001        0x3 
 .data.uwTickPrio
                0x0000000020000004        0x4 Drivers/STM32F1xx_HAL_Driver/Src/stm32f1xx_hal.o
                0x0000000020000004                uwTickPrio
 .data.USBD_CUSTOM_HID
                0x0000000020000008       0x38 Middlewares/ST/STM32_USB_Device_Library/Class/CustomHID/Src/usbd_customhid.o
                0x0000000020000008                USBD_CUSTOM_HID
 .data.USBD_CUSTOM_HID_CfgFSDesc
                0x0000000020000040       0x29 Middlewares/ST/STM32_USB_Device_Library/Class/CustomHID/Src/usbd_customhid.o
 *fill*         0x0000000020000069        0x3 
 .data.USBD_CUSTOM_HID_CfgHSDesc
                0x000000002000006c       0x29 Middlewares/ST/STM32_USB_Device_Library/Class/CustomHID/Src/usbd_customhid.o
 *fill*         0x0000000020000095        0x3 
 .data.USBD_CUSTOM_HID_Desc
                0x0000000020000098        0x9 Middlewares/ST/STM32_USB_Device_Library/Class/CustomHID/Src/usbd_customhid.o
 *fill*         0x00000000200000a1        0x3 
 .data.USBD_CUSTOM_HID_DeviceQualifierDesc
                0x00000000200000a4        0xa Middlewares/ST/STM32_USB_Device_Library/Class/CustomHID/Src/usbd_customhid.o
 *fill*         0x00000000200000ae        0x2 
 .data.USBD_CUSTOM_HID_OtherSpeedCfgDesc
                0x00000000200000b0       0x29 Middlewares/ST/STM32_USB_Device_Library/Class/CustomHID/Src/usbd_customhid.o
 *fill*         0x00000000200000d9        0x3 
 .data.SystemCoreClock
                0x00000000200000dc        0x4 Src/system_stm32f1xx.o
                0x00000000200000dc                SystemCoreClock
 .data.CUSTOM_HID_ReportDesc_FS
                0x00000000200000e0       0x22 Src/usbd_custom_hid_if.o
 *fill*         0x0000000020000102        0x2 
 .data.USBD_CustomHID_fops_FS
                0x0000000020000104       0x10 Src/usbd_custom_hid_if.o
                0x0000000020000104                USBD_CustomHID_fops_FS
 .data.dataToSend
                0x0000000020000114        0x5 Src/usbd_custom_hid_if.o
 *fill*         0x0000000020000119        0x3 
 .data.FS_Desc  0x000000002000011c       0x1c Src/usbd_desc.o
                0x000000002000011c                FS_Desc
 .data.USBD_FS_DeviceDesc
                0x0000000020000138       0x12 Src/usbd_desc.o
                0x0000000020000138                USBD_FS_DeviceDesc
 *fill*         0x000000002000014a        0x2 
 .data.USBD_LangIDDesc
                0x000000002000014c        0x4 Src/usbd_desc.o
                0x000000002000014c                USBD_LangIDDesc
 .data.USBD_StringSerial
                0x0000000020000150       0x1a Src/usbd_desc.o
                0x0000000020000150                USBD_StringSerial
                0x000000002000016c                . = ALIGN (0x4)
 *fill*         0x000000002000016a        0x2 
                0x000000002000016c                _edata = .

.igot.plt       0x000000002000016c        0x0 load address 0x0000000008005e04
 .igot.plt      0x000000002000016c        0x0 c:/st/stm32cubeide_1.0.0/stm32cubeide/plugins/com.st.stm32cube.ide.mcu.externaltools.gnu-tools-for-stm32.7-2018-q2-update.win32_1.0.0.201904181610/tools/bin/../lib/gcc/arm-none-eabi/7.3.1/thumb/v7-m/crtbegin.o
                0x000000002000016c                . = ALIGN (0x4)

.bss            0x000000002000016c      0x85c load address 0x0000000008005e04
                0x000000002000016c                _sbss = .
                0x000000002000016c                __bss_start__ = _sbss
 *(.bss)
 .bss           0x000000002000016c       0x1c c:/st/stm32cubeide_1.0.0/stm32cubeide/plugins/com.st.stm32cube.ide.mcu.externaltools.gnu-tools-for-stm32.7-2018-q2-update.win32_1.0.0.201904181610/tools/bin/../lib/gcc/arm-none-eabi/7.3.1/thumb/v7-m/crtbegin.o
 *(.bss*)
 .bss.cfgidx.8373
                0x0000000020000188        0x1 Middlewares/ST/STM32_USB_Device_Library/Core/Src/usbd_ctlreq.o
 *fill*         0x0000000020000189        0x3 
 .bss.receivingBuffer
                0x000000002000018c        0x1 Src/btctrl.o
 *fill*         0x000000002000018d        0x3 
 .bss.mem.8423  0x0000000020000190       0x1c Src/usbd_conf.o
 *(COMMON)
 COMMON         0x00000000200001ac        0x4 Drivers/STM32F1xx_HAL_Driver/Src/stm32f1xx_hal.o
                0x00000000200001ac                uwTick
 COMMON         0x00000000200001b0       0xe8 Src/main.o
                0x00000000200001b0                mainLcdCtrl
                0x00000000200001b4                btCtrl
                0x00000000200001b8                htim1
                0x00000000200001f8                hspi1
                0x0000000020000250                huart2
                0x0000000020000290                playerLedsCtrl
                0x0000000020000290                entCtrl
 COMMON         0x0000000020000298      0x2c4 Src/usb_device.o
                0x0000000020000298                hUsbDeviceFS
 COMMON         0x000000002000055c      0x26c Src/usbd_conf.o
                0x000000002000055c                hpcd_USB_FS
 COMMON         0x00000000200007c8      0x200 Src/usbd_desc.o
                0x00000000200007c8                USBD_StrDesc
                0x00000000200009c8                . = ALIGN (0x4)
                0x00000000200009c8                _ebss = .
                0x00000000200009c8                __bss_end__ = _ebss

._user_heap_stack
                0x00000000200009c8      0x600 load address 0x0000000008005e04
                0x00000000200009c8                . = ALIGN (0x8)
                0x00000000200009c8                PROVIDE (end = .)
                [!provide]                        PROVIDE (_end = .)
                0x0000000020000bc8                . = (. + _Min_Heap_Size)
 *fill*         0x00000000200009c8      0x200 
                0x0000000020000fc8                . = (. + _Min_Stack_Size)
 *fill*         0x0000000020000bc8      0x400 
                0x0000000020000fc8                . = ALIGN (0x8)

/DISCARD/
 libc.a(*)
 libm.a(*)
 libgcc.a(*)

.ARM.attributes
                0x0000000000000000       0x29
 *(.ARM.attributes)
 .ARM.attributes
                0x0000000000000000       0x1d c:/st/stm32cubeide_1.0.0/stm32cubeide/plugins/com.st.stm32cube.ide.mcu.externaltools.gnu-tools-for-stm32.7-2018-q2-update.win32_1.0.0.201904181610/tools/bin/../lib/gcc/arm-none-eabi/7.3.1/thumb/v7-m/crti.o
 .ARM.attributes
                0x000000000000001d       0x2d c:/st/stm32cubeide_1.0.0/stm32cubeide/plugins/com.st.stm32cube.ide.mcu.externaltools.gnu-tools-for-stm32.7-2018-q2-update.win32_1.0.0.201904181610/tools/bin/../lib/gcc/arm-none-eabi/7.3.1/thumb/v7-m/crtbegin.o
 .ARM.attributes
                0x000000000000004a       0x33 Drivers/STM32F1xx_HAL_Driver/Src/stm32f1xx_hal.o
 .ARM.attributes
                0x000000000000007d       0x33 Drivers/STM32F1xx_HAL_Driver/Src/stm32f1xx_hal_cortex.o
 .ARM.attributes
                0x00000000000000b0       0x33 Drivers/STM32F1xx_HAL_Driver/Src/stm32f1xx_hal_dma.o
 .ARM.attributes
                0x00000000000000e3       0x33 Drivers/STM32F1xx_HAL_Driver/Src/stm32f1xx_hal_gpio.o
 .ARM.attributes
                0x0000000000000116       0x33 Drivers/STM32F1xx_HAL_Driver/Src/stm32f1xx_hal_pcd.o
 .ARM.attributes
                0x0000000000000149       0x33 Drivers/STM32F1xx_HAL_Driver/Src/stm32f1xx_hal_pcd_ex.o
 .ARM.attributes
                0x000000000000017c       0x33 Drivers/STM32F1xx_HAL_Driver/Src/stm32f1xx_hal_rcc.o
 .ARM.attributes
                0x00000000000001af       0x33 Drivers/STM32F1xx_HAL_Driver/Src/stm32f1xx_hal_rcc_ex.o
 .ARM.attributes
                0x00000000000001e2       0x33 Drivers/STM32F1xx_HAL_Driver/Src/stm32f1xx_hal_spi.o
 .ARM.attributes
                0x0000000000000215       0x33 Drivers/STM32F1xx_HAL_Driver/Src/stm32f1xx_hal_tim.o
 .ARM.attributes
                0x0000000000000248       0x33 Drivers/STM32F1xx_HAL_Driver/Src/stm32f1xx_hal_tim_ex.o
 .ARM.attributes
                0x000000000000027b       0x33 Drivers/STM32F1xx_HAL_Driver/Src/stm32f1xx_hal_uart.o
 .ARM.attributes
                0x00000000000002ae       0x33 Drivers/STM32F1xx_HAL_Driver/Src/stm32f1xx_ll_usb.o
 .ARM.attributes
                0x00000000000002e1       0x33 Middlewares/ST/STM32_USB_Device_Library/Class/CustomHID/Src/usbd_customhid.o
 .ARM.attributes
                0x0000000000000314       0x33 Middlewares/ST/STM32_USB_Device_Library/Core/Src/usbd_core.o
 .ARM.attributes
                0x0000000000000347       0x33 Middlewares/ST/STM32_USB_Device_Library/Core/Src/usbd_ctlreq.o
 .ARM.attributes
                0x000000000000037a       0x33 Middlewares/ST/STM32_USB_Device_Library/Core/Src/usbd_ioreq.o
 .ARM.attributes
                0x00000000000003ad       0x33 Src/btctrl.o
 .ARM.attributes
                0x00000000000003e0       0x33 Src/entertainmentctrl.o
 .ARM.attributes
                0x0000000000000413       0x33 Src/lcdctrl.o
 .ARM.attributes
                0x0000000000000446       0x33 Src/main.o
 .ARM.attributes
                0x0000000000000479       0x33 Src/playersledsctrl.o
 .ARM.attributes
                0x00000000000004ac       0x33 Src/stm32f1xx_hal_msp.o
 .ARM.attributes
                0x00000000000004df       0x33 Src/stm32f1xx_it.o
 .ARM.attributes
                0x0000000000000512       0x33 Src/system_stm32f1xx.o
 .ARM.attributes
                0x0000000000000545       0x33 Src/usb_device.o
 .ARM.attributes
                0x0000000000000578       0x33 Src/usbd_conf.o
 .ARM.attributes
                0x00000000000005ab       0x33 Src/usbd_custom_hid_if.o
 .ARM.attributes
                0x00000000000005de       0x33 Src/usbd_desc.o
 .ARM.attributes
                0x0000000000000611       0x21 Startup/startup_stm32f103c8tx.o
 .ARM.attributes
                0x0000000000000632       0x2d c:/st/stm32cubeide_1.0.0/stm32cubeide/plugins/com.st.stm32cube.ide.mcu.externaltools.gnu-tools-for-stm32.7-2018-q2-update.win32_1.0.0.201904181610/tools/bin/../lib/gcc/arm-none-eabi/7.3.1/../../../../arm-none-eabi/lib/thumb/v7-m\libc_nano.a(lib_a-init.o)
 .ARM.attributes
                0x000000000000065f       0x2d c:/st/stm32cubeide_1.0.0/stm32cubeide/plugins/com.st.stm32cube.ide.mcu.externaltools.gnu-tools-for-stm32.7-2018-q2-update.win32_1.0.0.201904181610/tools/bin/../lib/gcc/arm-none-eabi/7.3.1/../../../../arm-none-eabi/lib/thumb/v7-m\libc_nano.a(lib_a-memset.o)
 .ARM.attributes
                0x000000000000068c       0x1d c:/st/stm32cubeide_1.0.0/stm32cubeide/plugins/com.st.stm32cube.ide.mcu.externaltools.gnu-tools-for-stm32.7-2018-q2-update.win32_1.0.0.201904181610/tools/bin/../lib/gcc/arm-none-eabi/7.3.1/thumb/v7-m/crtn.o
OUTPUT(UsbHidCheck.elf elf32-littlearm)

.comment        0x0000000000000000       0x7b
 .comment       0x0000000000000000       0x7b Drivers/STM32F1xx_HAL_Driver/Src/stm32f1xx_hal.o
                                         0x7c (size before relaxing)
 .comment       0x000000000000007b       0x7c Drivers/STM32F1xx_HAL_Driver/Src/stm32f1xx_hal_cortex.o
 .comment       0x000000000000007b       0x7c Drivers/STM32F1xx_HAL_Driver/Src/stm32f1xx_hal_dma.o
 .comment       0x000000000000007b       0x7c Drivers/STM32F1xx_HAL_Driver/Src/stm32f1xx_hal_gpio.o
 .comment       0x000000000000007b       0x7c Drivers/STM32F1xx_HAL_Driver/Src/stm32f1xx_hal_pcd.o
 .comment       0x000000000000007b       0x7c Drivers/STM32F1xx_HAL_Driver/Src/stm32f1xx_hal_pcd_ex.o
 .comment       0x000000000000007b       0x7c Drivers/STM32F1xx_HAL_Driver/Src/stm32f1xx_hal_rcc.o
 .comment       0x000000000000007b       0x7c Drivers/STM32F1xx_HAL_Driver/Src/stm32f1xx_hal_rcc_ex.o
 .comment       0x000000000000007b       0x7c Drivers/STM32F1xx_HAL_Driver/Src/stm32f1xx_hal_spi.o
 .comment       0x000000000000007b       0x7c Drivers/STM32F1xx_HAL_Driver/Src/stm32f1xx_hal_tim.o
 .comment       0x000000000000007b       0x7c Drivers/STM32F1xx_HAL_Driver/Src/stm32f1xx_hal_tim_ex.o
 .comment       0x000000000000007b       0x7c Drivers/STM32F1xx_HAL_Driver/Src/stm32f1xx_hal_uart.o
 .comment       0x000000000000007b       0x7c Drivers/STM32F1xx_HAL_Driver/Src/stm32f1xx_ll_usb.o
 .comment       0x000000000000007b       0x7c Middlewares/ST/STM32_USB_Device_Library/Class/CustomHID/Src/usbd_customhid.o
 .comment       0x000000000000007b       0x7c Middlewares/ST/STM32_USB_Device_Library/Core/Src/usbd_core.o
 .comment       0x000000000000007b       0x7c Middlewares/ST/STM32_USB_Device_Library/Core/Src/usbd_ctlreq.o
 .comment       0x000000000000007b       0x7c Middlewares/ST/STM32_USB_Device_Library/Core/Src/usbd_ioreq.o
 .comment       0x000000000000007b       0x7c Src/btctrl.o
 .comment       0x000000000000007b       0x7c Src/entertainmentctrl.o
 .comment       0x000000000000007b       0x7c Src/lcdctrl.o
 .comment       0x000000000000007b       0x7c Src/main.o
 .comment       0x000000000000007b       0x7c Src/playersledsctrl.o
 .comment       0x000000000000007b       0x7c Src/stm32f1xx_hal_msp.o
 .comment       0x000000000000007b       0x7c Src/stm32f1xx_it.o
 .comment       0x000000000000007b       0x7c Src/system_stm32f1xx.o
 .comment       0x000000000000007b       0x7c Src/usb_device.o
 .comment       0x000000000000007b       0x7c Src/usbd_conf.o
 .comment       0x000000000000007b       0x7c Src/usbd_custom_hid_if.o
 .comment       0x000000000000007b       0x7c Src/usbd_desc.o

.debug_frame    0x0000000000000000       0x4c
 .debug_frame   0x0000000000000000       0x2c c:/st/stm32cubeide_1.0.0/stm32cubeide/plugins/com.st.stm32cube.ide.mcu.externaltools.gnu-tools-for-stm32.7-2018-q2-update.win32_1.0.0.201904181610/tools/bin/../lib/gcc/arm-none-eabi/7.3.1/../../../../arm-none-eabi/lib/thumb/v7-m\libc_nano.a(lib_a-init.o)
 .debug_frame   0x000000000000002c       0x20 c:/st/stm32cubeide_1.0.0/stm32cubeide/plugins/com.st.stm32cube.ide.mcu.externaltools.gnu-tools-for-stm32.7-2018-q2-update.win32_1.0.0.201904181610/tools/bin/../lib/gcc/arm-none-eabi/7.3.1/../../../../arm-none-eabi/lib/thumb/v7-m\libc_nano.a(lib_a-memset.o)
